Testing with model: gemma3:1b

User: zoom in
Action: {
  "action": "zoom",
  "params": {
    "value": 1.0
  }
}
Response: Zooming in.

User: rotate x 45
Action: {
  "action": "rotate",
  "params": {
    "axis": "y",
    "value": 45.0
  }
}
Response: Rotating 45.0 degrees horizontally.

User: set mode mip
Action: {
  "action": "set_mode",
  "params": {
    "mode": "mip"
  }
}
Response: Executing.

User: set colors to viridis
Action: {
  "action": "set_tf",
  "params": {
    "tf": "viridis"
  }
}
Response: Executing.

User: move x slice to 50%
Action: {
  "action": "set_slice",
  "params": {
    "axis": "x",
    "percent": 50.0
  }
}
Response: Executing.

User: what can you do?
Action: null
Response: <b>Camera:</b> zoom, rotate, reset, home<br/><b>Rendering:</b> 'set mode mip/volume/cinematic', 'use viridis colors'<br/><b>Slices:</b> 'move X slice to middle', 'Y slice to 50'<br/><b>AI Model:</b> 'set model gemma3:1b' (switches which AI brain to use)<br/><b>System:</b> status, help<br/><i>Note: 'set model' = AI brain, 'set mode' = rendering style</i>
