Testing Provider Switching...
  Initialized with: Ollama
  Switched to: Gemini
  Switched back to: Ollama
  SUCCESS: Switching works.
Testing Diagnostics...
  Ollama Status: Ollama is RUNNING. Active Model: <b>gemma3:1b</b>. Available: gemma3:1b.
  Gemini Status: Gemini Active. Model: <b>gemini-2.0-flash</b>. API Key: PRESENT. Available: deep-research-pro-preview-12-2025, gemini-2.0-flash, gemini-2.0-flash-001, gemini-2.0-flash-lite, gemini-2.0-flash-lite-001, gemini-2.5-computer-use-preview-10-2025, gemini-2.5-flash, gemini-2.5-flash-image, gemini-2.5-flash-lite, gemini-2.5-flash-lite-preview-09-2025...
  SUCCESS: Diagnostics work.

All basic tests passed!
